// Jest Snapshot v1, https://goo.gl/fbAQLP

exports[`LambdaResource should generate valid IAM role resources 1`] = `
{
  "LambdaServiceRoleA8ED4D3B": {
    "Properties": {
      "AssumeRolePolicyDocument": {
        "Statement": [
          {
            "Action": "sts:AssumeRole",
            "Effect": "Allow",
            "Principal": {
              "Service": "lambda.amazonaws.com",
            },
          },
        ],
        "Version": "2012-10-17",
      },
      "ManagedPolicyArns": [
        {
          "Fn::Join": [
            "",
            [
              "arn:",
              {
                "Ref": "AWS::Partition",
              },
              ":iam::aws:policy/service-role/AWSLambdaBasicExecutionRole",
            ],
          ],
        },
      ],
    },
    "Type": "AWS::IAM::Role",
  },
  "LogRetentionaae0aa3c5b4d4f87b02d85b201efdd8aServiceRole9741ECFB": {
    "Properties": {
      "AssumeRolePolicyDocument": {
        "Statement": [
          {
            "Action": "sts:AssumeRole",
            "Effect": "Allow",
            "Principal": {
              "Service": "lambda.amazonaws.com",
            },
          },
        ],
        "Version": "2012-10-17",
      },
      "ManagedPolicyArns": [
        {
          "Fn::Join": [
            "",
            [
              "arn:",
              {
                "Ref": "AWS::Partition",
              },
              ":iam::aws:policy/service-role/AWSLambdaBasicExecutionRole",
            ],
          ],
        },
      ],
    },
    "Type": "AWS::IAM::Role",
  },
}
`;

exports[`LambdaResource should generate valid Lambda function resources 1`] = `
{
  "LambdaD247545B": {
    "DependsOn": [
      "LambdaServiceRoleA8ED4D3B",
    ],
    "Properties": {
      "Code": {
        "S3Bucket": {
          "Fn::Sub": "cdk-hnb659fds-assets-\${AWS::AccountId}-\${AWS::Region}",
        },
        "S3Key": "419d11c84608d86b57fd372a92c7da56bbf630c4e14c25d2fd595dbad7ca6cff.zip",
      },
      "Description": "Send Backlog notification to Slack",
      "Environment": {
        "Variables": {
          "AWS_NODEJS_CONNECTION_REUSE_ENABLED": "1",
          "BACKLOG_API_KEY": "TEST_BACKLOG_API_KEY",
          "BACKLOG_HOST": "example.backlog.jp",
          "SLACK_BOT_TOKEN": "TEST_SLACK_BOT_TOKEN",
          "SLACK_SIGNING_SECRET": "TEST_SLACK_SIGNING_SECRET",
        },
      },
      "FunctionName": "TestStack-Lambda",
      "Handler": "index.handler",
      "MemorySize": 128,
      "Role": {
        "Fn::GetAtt": [
          "LambdaServiceRoleA8ED4D3B",
          "Arn",
        ],
      },
      "Runtime": "nodejs18.x",
      "Timeout": 30,
    },
    "Type": "AWS::Lambda::Function",
  },
  "LogRetentionaae0aa3c5b4d4f87b02d85b201efdd8aFD4BFC8A": {
    "DependsOn": [
      "LogRetentionaae0aa3c5b4d4f87b02d85b201efdd8aServiceRoleDefaultPolicyADDA7DEB",
      "LogRetentionaae0aa3c5b4d4f87b02d85b201efdd8aServiceRole9741ECFB",
    ],
    "Properties": {
      "Code": {
        "S3Bucket": {
          "Fn::Sub": "cdk-hnb659fds-assets-\${AWS::AccountId}-\${AWS::Region}",
        },
        "S3Key": "5bc602ecde93c947efe5899ae355f999986a1acbe610b1c0b9c468d738857555.zip",
      },
      "Handler": "index.handler",
      "Role": {
        "Fn::GetAtt": [
          "LogRetentionaae0aa3c5b4d4f87b02d85b201efdd8aServiceRole9741ECFB",
          "Arn",
        ],
      },
      "Runtime": "nodejs18.x",
      "Timeout": 900,
    },
    "Type": "AWS::Lambda::Function",
  },
}
`;

exports[`LambdaResource should generate valid Lambda function url resource 1`] = `
{
  "LambdaFunctionUrl47093E15": {
    "Properties": {
      "AuthType": "NONE",
      "Cors": {
        "AllowHeaders": [
          "*",
        ],
        "AllowMethods": [
          "*",
        ],
        "AllowOrigins": [
          "*",
        ],
        "MaxAge": 300,
      },
      "TargetFunctionArn": {
        "Fn::GetAtt": [
          "LambdaD247545B",
          "Arn",
        ],
      },
    },
    "Type": "AWS::Lambda::Url",
  },
}
`;
